NEWLINE
STRUCT 'struct'
VARIABLE 'foo'
LCURLY '{'
NEWLINE
VARIABLE 'l'
COLON ':'
FLOAT 'float'
LSQUARE '['
RSQUARE ']'
NEWLINE
VARIABLE 'c'
COLON ':'
INT 'int'
LSQUARE '['
RSQUARE ']'
NEWLINE
VARIABLE 'r'
COLON ':'
BOOL 'bool'
LSQUARE '['
RSQUARE ']'
NEWLINE
RCURLY '}'
NEWLINE
SHOW 'show'
VARIABLE 'foo'
LCURLY '{'
LSQUARE '['
FLOATVAL '2.33'
RSQUARE ']'
COMMA ','
LSQUARE '['
INTVAL '3'
COMMA ','
INTVAL '3'
COMMA ','
INTVAL '5'
COMMA ','
INTVAL '6'
COMMA ','
INTVAL '6'
RSQUARE ']'
COMMA ','
LSQUARE '['
FALSE 'false'
RSQUARE ']'
RCURLY '}'
NEWLINE
END_OF_FILE
