NEWLINE
STRUCT 'struct'
VARIABLE 'one'
LCURLY '{'
NEWLINE
VARIABLE 'x'
COLON ':'
FLOAT 'float'
NEWLINE
RCURLY '}'
NEWLINE
FN 'fn'
VARIABLE 'test'
LPAREN '('
RPAREN ')'
COLON ':'
VARIABLE 'one'
LCURLY '{'
NEWLINE
RETURN 'return'
VARIABLE 'one'
LCURLY '{'
RCURLY '}'
NEWLINE
RCURLY '}'
NEWLINE
SHOW 'show'
VARIABLE 'test'
LPAREN '('
RPAREN ')'
NEWLINE
END_OF_FILE
