NEWLINE
STRUCT 'struct'
VARIABLE 'f4'
LCURLY '{'
NEWLINE
VARIABLE 'a'
COLON ':'
FLOAT 'float'
NEWLINE
VARIABLE 'b'
COLON ':'
FLOAT 'float'
NEWLINE
VARIABLE 'c'
COLON ':'
FLOAT 'float'
NEWLINE
VARIABLE 'd'
COLON ':'
FLOAT 'float'
NEWLINE
RCURLY '}'
NEWLINE
FN 'fn'
VARIABLE 'gradient'
LPAREN '('
VARIABLE 'i'
COLON ':'
INT 'int'
COMMA ','
VARIABLE 'j'
COLON ':'
INT 'int'
COMMA ','
VARIABLE 'W'
COLON ':'
INT 'int'
COMMA ','
VARIABLE 'H'
COLON ':'
INT 'int'
RPAREN ')'
COLON ':'
VARIABLE 'f4'
LCURLY '{'
NEWLINE
RETURN 'return'
VARIABLE 'f4'
LCURLY '{'
FLOATVAL '0.0'
COMMA ','
FLOATVAL '0.0'
COMMA ','
FLOATVAL '0.0'
COMMA ','
VARIABLE 'to_float'
LPAREN '('
INTVAL '2'
RPAREN ')'
COMMA ','
FALSE 'false'
RCURLY '}'
NEWLINE
RCURLY '}'
NEWLINE
END_OF_FILE
Compilation succeeded: lexical analysis complete
