NEWLINE
STRUCT 'struct'
VARIABLE 'one'
LCURLY '{'
NEWLINE
VARIABLE 'x'
COLON ':'
INT 'int'
NEWLINE
RCURLY '}'
NEWLINE
LET 'let'
VARIABLE 'f'
EQUALS '='
LSQUARE '['
FLOATVAL '1.0'
COMMA ','
FLOATVAL '0.0'
COMMA ','
OP '-'
FLOATVAL '1.0'
RSQUARE ']'
NEWLINE
LET 'let'
VARIABLE 'i'
EQUALS '='
LSQUARE '['
RSQUARE ']'
NEWLINE
LET 'let'
VARIABLE 'j'
EQUALS '='
VARIABLE 'one'
LCURLY '{'
INTVAL '9'
RCURLY '}'
NEWLINE
LET 'let'
VARIABLE 'b'
EQUALS '='
LSQUARE '['
FALSE 'false'
RSQUARE ']'
NEWLINE
END_OF_FILE
Compilation succeeded: lexical analysis complete
