
#include <math.h>
#include <stdbool.h>
#include <stdio.h>
#include "rt/runtime.h"

typedef struct { } void_t;
typedef struct {
  double r;
  double g;
  double b;
  double a;
} rgba;

void jpl_main(struct args args) {
    bool _0 = true;
    bool _1 = false;
    bool _2 = _0 == _1;
    if (0 != _2)
    goto _jump1;
    fail_assertion("");
    _jump1:;
}

