global jpl_main
global _jpl_main
extern _fail_assertion
extern _jpl_alloc
extern _get_time
extern _show
extern _print
extern _print_time
extern _read_image
extern _write_image
extern _fmod
extern _sqrt
extern _exp
extern _sin
extern _cos
extern _tan
extern _asin
extern _acos
extern _atan
extern _log
extern _pow
extern _atan2
extern _to_int
extern _to_float

section .data
const0: dq 0
const1: dq 720
const2: db `negative array index`, 0
const3: db `index too large`, 0
const4: db `a`, 0
const5: dq 409
const6: dq 1
const7: db `non-positive loop bound`, 0
const8: db `overflow computing array size`, 0
const9: dq 686

section .text
c:
_c:
	push rbp
	mov rbp, rsp
	mov rax, [rel const6] ; True
	push rax
	pop rax
	xor rax, 1
	push rax
	pop rax
	cmp rax, 0
	je .jump4
	; Allocating 8 bytes for the pointer
	sub rsp, 8
	; Computing bound for 'i'
	sub rsp, 8
	; Moving 8 bytes from rbp - -24 to rsp 
		mov r10, [rbp - -24 + 0]
		mov [rsp + 0], r10
	mov rax, [rsp]
	cmp rax, 0
	jg .jump6
	lea rdi, [rel const7] ; 'non-positive loop bound'
	call _fail_assertion
.jump6:
	; Computing total size of heap memory to allocate
	mov rdi, 24 ; sizeof void[,] 
	imul rdi, [rsp + 0 + 0] ; multiply by f 
	jno .jump7
	lea rdi, [rel const8] ; 'overflow computing array size'
	call _fail_assertion
.jump7:
	call _jpl_alloc ; Put pointer to heap space in RAX
	mov [rsp + 8], rax ; Move to pre-allocated space
	; Initialize 'i' to 0
	mov rax, 0
	push rax
.jump8: ; Begin body of loop
	; Compute loop body
	sub rsp, 24
	; Moving 24 bytes from rbp - -16 to rsp 
		mov r10, [rbp - -16 + 16]
		mov [rsp + 16], r10
		mov r10, [rbp - -16 + 8]
		mov [rsp + 8], r10
		mov r10, [rbp - -16 + 0]
		mov [rsp + 0], r10
	; Index to store in
	mov rax, 0
	imul rax, [rsp + 32] ; No overflow if indices in bounds
	add rax, [rsp + 24]
	imul rax, 24
	add rax, [rsp + 40]
	; Move body (24 bytes) to index
	; Moving 24 bytes from rsp to rax 
		mov r10, [rsp + 16]
		mov [rax + 16], r10
		mov r10, [rsp + 8]
		mov [rax + 8], r10
		mov r10, [rsp + 0]
		mov [rax + 0], r10
	add rsp, 24
	; Increment 'i'
	add qword [rsp + 0], 1
	; Compare i to its bound
	mov rax, [rsp + 0]
	cmp rax, [rsp + 8]
	jl .jump8 ; If i < bound, next iter
	; End body of loop
	; Free all loop variables
	add rsp, 8
	; array left on stack
	jmp .jump5
.jump4:
	sub rsp, 24
	; Moving 24 bytes from rbp - -16 to rsp 
		mov r10, [rbp - -16 + 16]
		mov [rsp + 16], r10
		mov r10, [rbp - -16 + 8]
		mov [rsp + 8], r10
		mov r10, [rbp - -16 + 0]
		mov [rsp + 0], r10
	mov rdi, 24
	sub rsp, 8 ; Add alignment
	call _jpl_alloc
	add rsp, 8 ; Remove alignment
	; Moving 24 bytes from rsp to rax 
		mov r10, [rsp + 16]
		mov [rax + 16], r10
		mov r10, [rsp + 8]
		mov [rax + 8], r10
		mov r10, [rsp + 0]
		mov [rax + 0], r10
	add rsp, 24
	push rax
	mov rax, 1
	push rax
.jump5:
	sub rsp, 8
	; Moving 8 bytes from r12 - 24 to rsp 
		mov r10, [r12 - 24 + 0]
		mov [rsp + 0], r10
	mov rax, [rsp + 0]
	cmp rax, 0
	jge .jump9
	sub rsp, 8 ; Add alignment
	lea rdi, [rel const2] ; 'negative array index'
	call _fail_assertion
	add rsp, 8 ; Remove alignment
.jump9:
	cmp rax, [rsp + 8]
	jl .jump10
	sub rsp, 8 ; Add alignment
	lea rdi, [rel const3] ; 'index too large'
	call _fail_assertion
	add rsp, 8 ; Remove alignment
.jump10:
	mov rax, 0
	imul rax, [rsp + 8] ; No overflow if indices in bounds
	add rax, [rsp + 0]
	imul rax, 24
	add rax, [rsp + 16]
	add rsp, 8
	add rsp, 16
	sub rsp, 24
	; Moving 24 bytes from rax to rsp 
		mov r10, [rax + 16]
		mov [rsp + 16], r10
		mov r10, [rax + 8]
		mov [rsp + 8], r10
		mov r10, [rax + 0]
		mov [rsp + 0], r10
	mov rax, [rel const9] ; 686
	push rax
	pop rax
	add rsp, 24 ; Local variables
	pop rbp
	ret
	sub rsp, 8
	; Moving 8 bytes from rbp - -40 to rsp 
		mov r10, [rbp - -40 + 0]
		mov [rsp + 0], r10
	pop rax
	add rsp, 24 ; Local variables
	pop rbp
	ret

jpl_main:
_jpl_main:
	push rbp
	mov rbp, rsp
	push r12
	mov r12, rbp ; end of jpl_main prelude
	mov rax, [rel const0] ; False
	push rax
	mov rdi, 8
	call _jpl_alloc
	; Moving 8 bytes from rsp to rax 
		mov r10, [rsp + 0]
		mov [rax + 0], r10
	add rsp, 8
	push rax
	mov rax, 1
	push rax
	mov rax, [rel const1] ; 720
	push rax
	mov rax, [rsp + 0]
	cmp rax, 0
	jge .jump1
	lea rdi, [rel const2] ; 'negative array index'
	call _fail_assertion
.jump1:
	cmp rax, [rsp + 8]
	jl .jump2
	lea rdi, [rel const3] ; 'index too large'
	call _fail_assertion
.jump2:
	mov rax, 0
	imul rax, [rsp + 8] ; No overflow if indices in bounds
	add rax, [rsp + 0]
	imul rax, 8
	add rax, [rsp + 16]
	add rsp, 8
	add rsp, 16
	sub rsp, 8
	; Moving 8 bytes from rax to rsp 
		mov r10, [rax + 0]
		mov [rsp + 0], r10
	pop rax
	cmp rax, 0
	jne .jump3
	sub rsp, 8 ; Add alignment
	lea rdi, [rel const4] ; 'a'
	call _fail_assertion
	add rsp, 8 ; Remove alignment
.jump3:
	mov rax, [rel const5] ; 409
	push rax
	sub rsp, 8
	; Moving 8 bytes from rbp - 16 to rsp 
		mov r10, [rbp - 16 + 0]
		mov [rsp + 0], r10
	add rsp, 16 ; Local variables
	pop r12 ; begin jpl_main postlude
	pop rbp
	ret

