global jpl_main
global _jpl_main
extern _fail_assertion
extern _jpl_alloc
extern _get_time
extern _show
extern _print
extern _print_time
extern _read_image
extern _write_image
extern _fmod
extern _sqrt
extern _exp
extern _sin
extern _cos
extern _tan
extern _asin
extern _acos
extern _atan
extern _log
extern _pow
extern _atan2
extern _to_int
extern _to_float

section .data
const0: dq 654
const1: dq 493
const2: dq 1
const3: db `negative array index`, 0
const4: db `index too large`, 0
const5: dq 0
const6: db `non-positive loop bound`, 0
const7: db `overflow computing array size`, 0
const8: db `k`, 0
const9: dq 20.43
const10: dq 6.73
const11: dq 677
const12: dq 868
const13: dq 764
const14: dq 736

section .text
b:
_b:
	push rbp
	mov rbp, rsp
	push rdi
	mov rax, [rel const2] ; True
	push rax
	pop rax
	cmp rax, 0
	je .jump1
	sub rsp, 8
	; Moving 8 bytes from rbp - 8 to rsp 
		mov r10, [rbp - 8 + 0]
		mov [rsp + 0], r10
	jmp .jump2
.jump1:
	sub rsp, 8
	; Moving 8 bytes from rbp - 8 to rsp 
		mov r10, [rbp - 8 + 0]
		mov [rsp + 0], r10
	mov rdi, 8
	call _jpl_alloc
	; Moving 8 bytes from rsp to rax 
		mov r10, [rsp + 0]
		mov [rax + 0], r10
	add rsp, 8
	push rax
	mov rax, 1
	push rax
	sub rsp, 8
	; Moving 8 bytes from rbp - -16 to rsp 
		mov r10, [rbp - -16 + 0]
		mov [rsp + 0], r10
	mov rax, [rsp + 0]
	cmp rax, 0
	jge .jump3
	lea rdi, [rel const3] ; 'negative array index'
	call _fail_assertion
.jump3:
	cmp rax, [rsp + 8]
	jl .jump4
	lea rdi, [rel const4] ; 'index too large'
	call _fail_assertion
.jump4:
	mov rax, 0
	imul rax, [rsp + 8] ; No overflow if indices in bounds
	add rax, [rsp + 0]
	imul rax, 8
	add rax, [rsp + 16]
	add rsp, 8
	add rsp, 16
	sub rsp, 8
	; Moving 8 bytes from rax to rsp 
		mov r10, [rax + 0]
		mov [rsp + 0], r10
.jump2:
	pop rax
	add rsp, 8 ; Local variables
	pop rbp
	ret
	mov rax, [rel const2] ; True
	push rax
	pop rax
	xor rax, 1
	push rax
	pop rax
	cmp rax, 0
	je .jump5
	mov rax, [rel const5] ; False
	push rax
	pop rax
.jump5:
	push rax

c:
_c:
	push rbp
	mov rbp, rsp
	push rdi
	push rsi
	; Allocating 8 bytes for the pointer
	sub rsp, 8
	; Computing bound for 'i'
	sub rsp, 8
	; Moving 8 bytes from rbp - -24 to rsp 
		mov r10, [rbp - -24 + 0]
		mov [rsp + 0], r10
	pop rax
	neg rax
	push rax
	mov rax, [rsp]
	cmp rax, 0
	jg .jump6
	lea rdi, [rel const6] ; 'non-positive loop bound'
	call _fail_assertion
.jump6:
	; Computing bound for 'h'
	sub rsp, 8
	; Moving 8 bytes from rbp - -24 to rsp 
		mov r10, [rbp - -24 + 0]
		mov [rsp + 0], r10
	sub rsp, 8
	; Moving 8 bytes from rbp - -16 to rsp 
		mov r10, [rbp - -16 + 0]
		mov [rsp + 0], r10
	pop rax
	pop r10
	cmp rax, r10
	setle al
	and rax, 1
	push rax
	pop rax
	cmp rax, 0
	je .jump7
	sub rsp, 8
	; Moving 8 bytes from rbp - -16 to rsp 
		mov r10, [rbp - -16 + 0]
		mov [rsp + 0], r10
	pop rax
	neg rax
	push rax
	jmp .jump8
.jump7:
	sub rsp, 8
	; Moving 8 bytes from rbp - 16 to rsp 
		mov r10, [rbp - 16 + 0]
		mov [rsp + 0], r10
.jump8:
	mov rax, [rsp]
	cmp rax, 0
	jg .jump9
	sub rsp, 8 ; Add alignment
	lea rdi, [rel const6] ; 'non-positive loop bound'
	call _fail_assertion
	add rsp, 8 ; Remove alignment
.jump9:
	; Computing total size of heap memory to allocate
	mov rdi, 32 ; sizeof rgba 
	imul rdi, [rsp + 0 + 0] ; multiply by (if (e <= f) then (- e) else g) 
	jno .jump10
	sub rsp, 8 ; Add alignment
	lea rdi, [rel const7] ; 'overflow computing array size'
	call _fail_assertion
	add rsp, 8 ; Remove alignment
.jump10:
	imul rdi, [rsp + 0 + 8] ; multiply by (- f) 
	jno .jump11
	sub rsp, 8 ; Add alignment
	lea rdi, [rel const7] ; 'overflow computing array size'
	call _fail_assertion
	add rsp, 8 ; Remove alignment
.jump11:
	sub rsp, 8 ; Add alignment
	call _jpl_alloc ; Put pointer to heap space in RAX
	add rsp, 8 ; Remove alignment
	mov [rsp + 16], rax ; Move to pre-allocated space
	; Initialize 'i' to 0
	mov rax, 0
	push rax
	; Initialize 'h' to 0
	mov rax, 0
	push rax
.jump12: ; Begin body of loop
	; Compute loop body
	sub rsp, 32
	sub rsp, 24
	; Moving 24 bytes from rbp - -16 to rsp 
		mov r10, [rbp - -16 + 16]
		mov [rsp + 16], r10
		mov r10, [rbp - -16 + 8]
		mov [rsp + 8], r10
		mov r10, [rbp - -16 + 0]
		mov [rsp + 0], r10
	sub rsp, 8
	; Moving 8 bytes from rbp - -24 to rsp 
		mov r10, [rbp - -24 + 0]
		mov [rsp + 0], r10
	pop rsi
	lea rdi, [rsp + 24]
	call _c
	add rsp, 24
	; Index to store in
	mov rax, 0
	imul rax, [rsp + 48] ; No overflow if indices in bounds
	add rax, [rsp + 32]
	imul rax, [rsp + 56] ; No overflow if indices in bounds
	add rax, [rsp + 40]
	imul rax, 32
	add rax, [rsp + 64]
	; Move body (32 bytes) to index
	; Moving 32 bytes from rsp to rax 
		mov r10, [rsp + 24]
		mov [rax + 24], r10
		mov r10, [rsp + 16]
		mov [rax + 16], r10
		mov r10, [rsp + 8]
		mov [rax + 8], r10
		mov r10, [rsp + 0]
		mov [rax + 0], r10
	add rsp, 32
	; Increment 'i'
	add qword [rsp + 8], 1
	; Compare i to its bound
	mov rax, [rsp + 8]
	cmp rax, [rsp + 24]
	jl .jump12 ; If i < bound, next iter
	mov qword [rsp + 8], 0 ; i = 0
	add qword [rsp + 0], 1 ; h++
	; Compare h to its bound
	mov rax, [rsp + 0]
	cmp rax, [rsp + 16]
	jl .jump12 ; If h < bound, next iter
	; End body of loop
	; Free all loop variables
	add rsp, 16
	; array left on stack
	mov rax, [rel const2] ; True
	push rax
	pop rax
	cmp rax, 0
	jne .jump13
	sub rsp, 8 ; Add alignment
	lea rdi, [rel const8] ; 'k'
	call _fail_assertion
	add rsp, 8 ; Remove alignment
.jump13:
	mov rax, [rel const9] ; 20.43
	push rax
	movsd xmm1, [rsp]
	add rsp, 8
	pxor xmm0, xmm0
	subsd xmm0, xmm1
	sub rsp, 8
	movsd [rsp], xmm0
	; Allocating 8 bytes for the sum
	sub rsp, 8
	; Computing bound for 'k'
	sub rsp, 8
	; Moving 8 bytes from rbp - 40 to rsp 
		mov r10, [rbp - 40 + 0]
		mov [rsp + 0], r10
	mov rax, [rsp]
	cmp rax, 0
	jg .jump14
	lea rdi, [rel const6] ; 'non-positive loop bound'
	call _fail_assertion
.jump14:
	; Initialize sum to 0
	mov rax, 0
	mov [rsp + 8], rax ; Move to pre-allocated space
	; Initialize 'k' to 0
	mov rax, 0
	push rax
.jump15: ; Begin body of loop
	; Compute loop body
	mov rax, [rel const10] ; 6.73
	push rax
	movsd xmm0, [rsp]
	add rsp, 8
	addsd xmm0, [rsp + 16] ; Load sum
	movsd [rsp + 16], xmm0 ; Save sum
	; Increment 'k'
	add qword [rsp + 0], 1
	; Compare k to its bound
	mov rax, [rsp + 0]
	cmp rax, [rsp + 8]
	jl .jump15 ; If k < bound, next iter
	; End body of loop
	; Free all loop variables
	add rsp, 8
	; Free all loop bounds
	add rsp, 8
	; sum left on stack
	movsd xmm0, [rsp]
	add rsp, 8
	movsd xmm1, [rsp]
	add rsp, 8
	cmplesd xmm1, xmm0
	movq rax, xmm1
	and rax, 1
	push rax
	pop rax
	cmp rax, 0
	je .jump16
	sub rsp, 32
	sub rsp, 24
	; Moving 24 bytes from rbp - -16 to rsp 
		mov r10, [rbp - -16 + 16]
		mov [rsp + 16], r10
		mov r10, [rbp - -16 + 8]
		mov [rsp + 8], r10
		mov r10, [rbp - -16 + 0]
		mov [rsp + 0], r10
	sub rsp, 8
	; Moving 8 bytes from r12 - 16 to rsp 
		mov r10, [r12 - 16 + 0]
		mov [rsp + 0], r10
	pop rsi
	lea rdi, [rsp + 24]
	call _c
	add rsp, 24
	jmp .jump17
.jump16:
	sub rsp, 32
	sub rsp, 24
	; Moving 24 bytes from rbp - -16 to rsp 
		mov r10, [rbp - -16 + 16]
		mov [rsp + 16], r10
		mov r10, [rbp - -16 + 8]
		mov [rsp + 8], r10
		mov r10, [rbp - -16 + 0]
		mov [rsp + 0], r10
	sub rsp, 8
	; Moving 8 bytes from rbp - 40 to rsp 
		mov r10, [rbp - 40 + 0]
		mov [rsp + 0], r10
	pop rsi
	lea rdi, [rsp + 24]
	call _c
	add rsp, 24
.jump17:
	mov rax, [rbp - 8] ; Address to write return value into
	; Moving 32 bytes from rsp to rax 
		mov r10, [rsp + 24]
		mov [rax + 24], r10
		mov r10, [rsp + 16]
		mov [rax + 16], r10
		mov r10, [rsp + 8]
		mov [rax + 8], r10
		mov r10, [rsp + 0]
		mov [rax + 0], r10
	add rsp, 72 ; Local variables
	pop rbp
	ret

d:
_d:
	push rbp
	mov rbp, rsp
	sub rsp, 8
	; Moving 8 bytes from rbp - -16 to rsp 
		mov r10, [rbp - -16 + 0]
		mov [rsp + 0], r10
	sub rsp, 8
	; Moving 8 bytes from r12 - 16 to rsp 
		mov r10, [r12 - 16 + 0]
		mov [rsp + 0], r10
	pop rax
	pop r10
	cmp rax, r10
	setge al
	and rax, 1
	push rax
	pop rax
	cmp rax, 0
	je .jump18
	sub rsp, 8
	; Moving 8 bytes from rbp - -24 to rsp 
		mov r10, [rbp - -24 + 0]
		mov [rsp + 0], r10
	sub rsp, 8
	; Moving 8 bytes from r12 - 16 to rsp 
		mov r10, [r12 - 16 + 0]
		mov [rsp + 0], r10
	pop rax
	pop r10
	cmp rax, r10
	setg al
	and rax, 1
	push rax
	pop rax
.jump18:
	push rax
	sub rsp, 8
	; Moving 8 bytes from rbp - 8 to rsp 
		mov r10, [rbp - 8 + 0]
		mov [rsp + 0], r10
	pop rax
	cmp rax, 0
	je .jump19
	sub rsp, 8
	; Moving 8 bytes from r12 - 16 to rsp 
		mov r10, [r12 - 16 + 0]
		mov [rsp + 0], r10
	sub rsp, 8
	; Moving 8 bytes from r12 - 16 to rsp 
		mov r10, [r12 - 16 + 0]
		mov [rsp + 0], r10
	pop rax
	pop r10
	cmp rax, r10
	setge al
	and rax, 1
	push rax
	jmp .jump20
.jump19:
	sub rsp, 8
	; Moving 8 bytes from r12 - 16 to rsp 
		mov r10, [r12 - 16 + 0]
		mov [rsp + 0], r10
	mov rax, [rel const11] ; 677
	push rax
	pop rax
	pop r10
	cmp rax, r10
	setle al
	and rax, 1
	push rax
.jump20:
	pop rax
	cmp rax, 0
	je .jump21
	sub rsp, 8
	; Moving 8 bytes from rbp - 8 to rsp 
		mov r10, [rbp - 8 + 0]
		mov [rsp + 0], r10
	jmp .jump22
.jump21:
	sub rsp, 8
	; Moving 8 bytes from rbp - 8 to rsp 
		mov r10, [rbp - 8 + 0]
		mov [rsp + 0], r10
.jump22:
	pop rax
	add rsp, 8 ; Local variables
	pop rbp
	ret
	; Allocating 8 bytes for the pointer
	sub rsp, 8
	; Computing bound for 'i'
	mov rax, [rel const2] ; True
	push rax
	pop rax
	cmp rax, 0
	je .jump23
	sub rsp, 8
	; Moving 8 bytes from rbp - -24 to rsp 
		mov r10, [rbp - -24 + 0]
		mov [rsp + 0], r10
	jmp .jump24
.jump23:
	sub rsp, 8
	; Moving 8 bytes from rbp - -16 to rsp 
		mov r10, [rbp - -16 + 0]
		mov [rsp + 0], r10
.jump24:
	mov rax, [rsp]
	cmp rax, 0
	jg .jump25
	sub rsp, 8 ; Add alignment
	lea rdi, [rel const6] ; 'non-positive loop bound'
	call _fail_assertion
	add rsp, 8 ; Remove alignment
.jump25:
	; Computing total size of heap memory to allocate
	mov rdi, 8 ; sizeof bool 
	imul rdi, [rsp + 0 + 0] ; multiply by (if true then g else f) 
	jno .jump26
	sub rsp, 8 ; Add alignment
	lea rdi, [rel const7] ; 'overflow computing array size'
	call _fail_assertion
	add rsp, 8 ; Remove alignment
.jump26:
	sub rsp, 8 ; Add alignment
	call _jpl_alloc ; Put pointer to heap space in RAX
	add rsp, 8 ; Remove alignment
	mov [rsp + 8], rax ; Move to pre-allocated space
	; Initialize 'i' to 0
	mov rax, 0
	push rax
.jump27: ; Begin body of loop
	; Compute loop body
	sub rsp, 8
	; Moving 8 bytes from rbp - 8 to rsp 
		mov r10, [rbp - 8 + 0]
		mov [rsp + 0], r10
	pop rax
	xor rax, 1
	push rax
	; Index to store in
	mov rax, 0
	imul rax, [rsp + 16] ; No overflow if indices in bounds
	add rax, [rsp + 8]
	imul rax, 8
	add rax, [rsp + 24]
	; Move body (8 bytes) to index
	; Moving 8 bytes from rsp to rax 
		mov r10, [rsp + 0]
		mov [rax + 0], r10
	add rsp, 8
	; Increment 'i'
	add qword [rsp + 0], 1
	; Compare i to its bound
	mov rax, [rsp + 0]
	cmp rax, [rsp + 8]
	jl .jump27 ; If i < bound, next iter
	; End body of loop
	; Free all loop variables
	add rsp, 8
	; array left on stack
	; Allocating 8 bytes for the sum
	sub rsp, 8
	; Computing bound for 'j'
	sub rsp, 8
	; Moving 8 bytes from rbp - -24 to rsp 
		mov r10, [rbp - -24 + 0]
		mov [rsp + 0], r10
	mov rax, [rsp]
	cmp rax, 0
	jg .jump28
	sub rsp, 8 ; Add alignment
	lea rdi, [rel const6] ; 'non-positive loop bound'
	call _fail_assertion
	add rsp, 8 ; Remove alignment
.jump28:
	; Computing bound for 'i'
	; Allocating 8 bytes for the sum
	sub rsp, 8
	; Computing bound for 'j'
	mov rax, [rel const12] ; 868
	push rax
	mov rax, [rsp]
	cmp rax, 0
	jg .jump29
	sub rsp, 8 ; Add alignment
	lea rdi, [rel const6] ; 'non-positive loop bound'
	call _fail_assertion
	add rsp, 8 ; Remove alignment
.jump29:
	; Computing bound for 'i'
	mov rax, [rel const13] ; 764
	push rax
	mov rax, [rsp]
	cmp rax, 0
	jg .jump30
	lea rdi, [rel const6] ; 'non-positive loop bound'
	call _fail_assertion
.jump30:
	; Initialize sum to 0
	mov rax, 0
	mov [rsp + 16], rax ; Move to pre-allocated space
	; Initialize 'j' to 0
	mov rax, 0
	push rax
	; Initialize 'i' to 0
	mov rax, 0
	push rax
.jump31: ; Begin body of loop
	; Compute loop body
	sub rsp, 8
	; Moving 8 bytes from rbp - -24 to rsp 
		mov r10, [rbp - -24 + 0]
		mov [rsp + 0], r10
	pop rax
	add [rsp + 32], rax ; Add loop body to sum
	; Increment 'j'
	add qword [rsp + 8], 1
	; Compare j to its bound
	mov rax, [rsp + 8]
	cmp rax, [rsp + 24]
	jl .jump31 ; If j < bound, next iter
	mov qword [rsp + 8], 0 ; j = 0
	add qword [rsp + 0], 1 ; i++
	; Compare i to its bound
	mov rax, [rsp + 0]
	cmp rax, [rsp + 16]
	jl .jump31 ; If i < bound, next iter
	; End body of loop
	; Free all loop variables
	add rsp, 16
	; Free all loop bounds
	add rsp, 16
	; sum left on stack
	mov rax, [rsp]
	cmp rax, 0
	jg .jump32
	lea rdi, [rel const6] ; 'non-positive loop bound'
	call _fail_assertion
.jump32:
	; Initialize sum to 0
	mov rax, 0
	mov [rsp + 16], rax ; Move to pre-allocated space
	; Initialize 'j' to 0
	mov rax, 0
	push rax
	; Initialize 'i' to 0
	mov rax, 0
	push rax
.jump33: ; Begin body of loop
	; Compute loop body
	; Allocating 8 bytes for the sum
	sub rsp, 8
	; Computing bound for 'l'
	sub rsp, 8
	; Moving 8 bytes from rbp - 56 to rsp 
		mov r10, [rbp - 56 + 0]
		mov [rsp + 0], r10
	mov rax, [rsp]
	cmp rax, 0
	jg .jump34
	lea rdi, [rel const6] ; 'non-positive loop bound'
	call _fail_assertion
.jump34:
	; Computing bound for 'k'
	sub rsp, 8
	; Moving 8 bytes from rbp - 56 to rsp 
		mov r10, [rbp - 56 + 0]
		mov [rsp + 0], r10
	mov rax, [rsp]
	cmp rax, 0
	jg .jump35
	sub rsp, 8 ; Add alignment
	lea rdi, [rel const6] ; 'non-positive loop bound'
	call _fail_assertion
	add rsp, 8 ; Remove alignment
.jump35:
	; Initialize sum to 0
	mov rax, 0
	mov [rsp + 16], rax ; Move to pre-allocated space
	; Initialize 'l' to 0
	mov rax, 0
	push rax
	; Initialize 'k' to 0
	mov rax, 0
	push rax
.jump36: ; Begin body of loop
	; Compute loop body
	mov rax, [rel const14] ; 736
	push rax
	pop rax
	add [rsp + 32], rax ; Add loop body to sum
	; Increment 'l'
	add qword [rsp + 8], 1
	; Compare l to its bound
	mov rax, [rsp + 8]
	cmp rax, [rsp + 24]
	jl .jump36 ; If l < bound, next iter
	mov qword [rsp + 8], 0 ; l = 0
	add qword [rsp + 0], 1 ; k++
	; Compare k to its bound
	mov rax, [rsp + 0]
	cmp rax, [rsp + 16]
	jl .jump36 ; If k < bound, next iter
	; End body of loop
	; Free all loop variables
	add rsp, 16
	; Free all loop bounds
	add rsp, 16
	; sum left on stack
	pop rax
	add [rsp + 32], rax ; Add loop body to sum
	; Increment 'j'
	add qword [rsp + 8], 1
	; Compare j to its bound
	mov rax, [rsp + 8]
	cmp rax, [rsp + 24]
	jl .jump33 ; If j < bound, next iter
	mov qword [rsp + 8], 0 ; j = 0
	add qword [rsp + 0], 1 ; i++
	; Compare i to its bound
	mov rax, [rsp + 0]
	cmp rax, [rsp + 16]
	jl .jump33 ; If i < bound, next iter
	; End body of loop
	; Free all loop variables
	add rsp, 16
	; Free all loop bounds
	add rsp, 16
	; sum left on stack
	mov rax, [rsp + 0]
	cmp rax, 0
	jge .jump37
	lea rdi, [rel const3] ; 'negative array index'
	call _fail_assertion
.jump37:
	cmp rax, [rsp + 8]
	jl .jump38
	lea rdi, [rel const4] ; 'index too large'
	call _fail_assertion
.jump38:
	mov rax, 0
	imul rax, [rsp + 8] ; No overflow if indices in bounds
	add rax, [rsp + 0]
	imul rax, 8
	add rax, [rsp + 16]
	add rsp, 8
	add rsp, 16
	sub rsp, 8
	; Moving 8 bytes from rax to rsp 
		mov r10, [rax + 0]
		mov [rsp + 0], r10
	pop rax
	add rsp, 8 ; Local variables
	pop rbp
	ret

jpl_main:
_jpl_main:
	push rbp
	mov rbp, rsp
	push r12
	mov r12, rbp ; end of jpl_main prelude
	mov rax, [rel const0] ; 654
	push rax
	pop rax
	neg rax
	push rax
	pop rax
	neg rax
	push rax
	mov rax, [rel const1] ; 493
	push rax
	pop rax
	pop r10
	add rax, r10
	push rax
	add rsp, 8 ; Local variables
	pop r12 ; begin jpl_main postlude
	pop rbp
	ret

