
#include <math.h>
#include <stdbool.h>
#include <stdint.h>
#include <stdio.h>
#include "rt/runtime.h"

typedef struct { } void_t;

int64_t f(double a) {
    int64_t _0 = to_int(a);
    return _0;
}

void jpl_main(struct args args) {
    double _0 = 1.0;
    int64_t _1 = f(_0);
    show("(IntType)", &_1);
}

