global jpl_main
global _jpl_main
extern _fail_assertion
extern _jpl_alloc
extern _get_time
extern _show
extern _print
extern _print_time
extern _read_image
extern _write_image
extern _fmod
extern _sqrt
extern _exp
extern _sin
extern _cos
extern _tan
extern _asin
extern _acos
extern _atan
extern _log
extern _pow
extern _atan2
extern _to_int
extern _to_float

section .data
const0: dq 48.64
const1: dq 469
const2: dq 639
const3: dq 420
const4: dq 389
const5: dq 72.4
const6: dq 28.55
const7: dq 251
const8: db `(ArrayType (BoolType) 1)`, 0
const9: dq 37.01
const10: dq 136
const11: dq 814
const12: dq 63.52
const13: dq 46.49
const14: dq 48.19
const15: dq 26.36

section .text
jpl_main:
_jpl_main:
	push rbp
	mov rbp, rsp
	push r12
	mov r12, rbp ; end of jpl_main prelude
	mov rax, [rel const0] ; 48.64
	push rax
	mov rax, [rel const1] ; 469
	push rax
	mov rax, [rel const2] ; 639
	push rax
	pop rax
	neg rax
	push rax
	pop rax
	neg rax
	push rax
	pop rax
	pop r10
	cmp rax, r10
	setl al
	and rax, 1
	push rax
	mov rax, [rel const3] ; 420
	push rax
	mov rax, [rel const4] ; 389
	push rax
	pop rax
	pop r10
	cmp rax, r10
	setl al
	and rax, 1
	push rax
	pop rax
	xor rax, 1
	push rax
	sub rsp, 8
	; Moving 8 bytes from rbp - 16 to rsp 
		mov r10, [rbp - 16 + 0]
		mov [rsp + 0], r10
	movsd xmm1, [rsp]
	add rsp, 8
	pxor xmm0, xmm0
	subsd xmm0, xmm1
	sub rsp, 8
	movsd [rsp], xmm0
	mov rax, [rel const5] ; 72.4
	push rax
	mov rax, [rel const6] ; 28.55
	push rax
	movsd xmm0, [rsp]
	add rsp, 8
	movsd xmm1, [rsp]
	add rsp, 8
	mulsd xmm0, xmm1
	sub rsp, 8
	movsd [rsp], xmm0
	movsd xmm0, [rsp]
	add rsp, 8
	movsd xmm1, [rsp]
	add rsp, 8
	cmplesd xmm0, xmm1
	movq rax, xmm0
	and rax, 1
	push rax
	mov rdi, 24
	sub rsp, 8 ; Add alignment
	call _jpl_alloc
	add rsp, 8 ; Remove alignment
	; Moving 24 bytes from rsp to rax 
		mov r10, [rsp + 16]
		mov [rax + 16], r10
		mov r10, [rsp + 8]
		mov [rax + 8], r10
		mov r10, [rsp + 0]
		mov [rax + 0], r10
	add rsp, 24
	push rax
	mov rax, 3
	push rax
	mov rax, [rel const7] ; 251
	push rax
	sub rsp, 8 ; Add alignment
	sub rsp, 16
	; Moving 16 bytes from rbp - 32 to rsp 
		mov r10, [rbp - 32 + 8]
		mov [rsp + 8], r10
		mov r10, [rbp - 32 + 0]
		mov [rsp + 0], r10
	lea rdi, [rel const8] ; '(ArrayType (BoolType) 1)'
	lea rsi, [rsp]
	call _show
	add rsp, 16
	add rsp, 8 ; Remove alignment
	sub rsp, 8
	; Moving 8 bytes from rbp - 32 to rsp 
		mov r10, [rbp - 32 + 0]
		mov [rsp + 0], r10
	sub rsp, 8
	; Moving 8 bytes from rbp - 40 to rsp 
		mov r10, [rbp - 40 + 0]
		mov [rsp + 0], r10
	pop rax
	neg rax
	push rax
	pop rax
	pop r10
	imul rax, r10
	push rax
	mov rax, [rel const9] ; 37.01
	push rax
	sub rsp, 8
	; Moving 8 bytes from rbp - 48 to rsp 
		mov r10, [rbp - 48 + 0]
		mov [rsp + 0], r10
	mov rax, [rel const10] ; 136
	push rax
	pop rax
	pop r10
	cmp rax, r10
	sete al
	and rax, 1
	push rax
	sub rsp, 8
	; Moving 8 bytes from rbp - 48 to rsp 
		mov r10, [rbp - 48 + 0]
		mov [rsp + 0], r10
	sub rsp, 8
	; Moving 8 bytes from rbp - 40 to rsp 
		mov r10, [rbp - 40 + 0]
		mov [rsp + 0], r10
	pop rax
	pop r10
	imul rax, r10
	push rax
	pop rax
	neg rax
	push rax
	mov rax, [rel const11] ; 814
	push rax
	pop rax
	pop r10
	add rax, r10
	push rax
	sub rsp, 8
	; Moving 8 bytes from rbp - 40 to rsp 
		mov r10, [rbp - 40 + 0]
		mov [rsp + 0], r10
	mov rax, [rel const12] ; 63.52
	push rax
	sub rsp, 8
	; Moving 8 bytes from rbp - 56 to rsp 
		mov r10, [rbp - 56 + 0]
		mov [rsp + 0], r10
	movsd xmm1, [rsp]
	add rsp, 8
	pxor xmm0, xmm0
	subsd xmm0, xmm1
	sub rsp, 8
	movsd [rsp], xmm0
	sub rsp, 8
	; Moving 8 bytes from rbp - 16 to rsp 
		mov r10, [rbp - 16 + 0]
		mov [rsp + 0], r10
	sub rsp, 8
	; Moving 8 bytes from rbp - 16 to rsp 
		mov r10, [rbp - 16 + 0]
		mov [rsp + 0], r10
	mov rax, [rel const13] ; 46.49
	push rax
	movsd xmm0, [rsp]
	add rsp, 8
	movsd xmm1, [rsp]
	add rsp, 8
	subsd xmm0, xmm1
	sub rsp, 8
	movsd [rsp], xmm0
	mov rax, [rel const14] ; 48.19
	push rax
	movsd xmm0, [rsp]
	add rsp, 8
	movsd xmm1, [rsp]
	add rsp, 8
	mulsd xmm0, xmm1
	sub rsp, 8
	movsd [rsp], xmm0
	movsd xmm1, [rsp]
	add rsp, 8
	pxor xmm0, xmm0
	subsd xmm0, xmm1
	sub rsp, 8
	movsd [rsp], xmm0
	movsd xmm0, [rsp]
	add rsp, 8
	movsd xmm1, [rsp]
	add rsp, 8
	mulsd xmm0, xmm1
	sub rsp, 8
	movsd [rsp], xmm0
	mov rax, [rel const15] ; 26.36
	push rax
	movsd xmm0, [rsp]
	add rsp, 8
	movsd xmm1, [rsp]
	add rsp, 8
	cmplesd xmm1, xmm0
	movq rax, xmm1
	and rax, 1
	push rax
	add rsp, 96 ; Local variables
	pop r12 ; begin jpl_main postlude
	pop rbp
	ret

