(FnCmd N (()) (ArrayType (BoolType) 3) (LetStmt (ArrayLValue D B) (TrueExpr)) (AssertStmt (VoidExpr) "") (AssertStmt (DotExpr (VoidExpr) gT1_) "X):71_T]") (AssertStmt (VoidExpr) "4|") (AssertStmt (CallExpr k_0_ (FalseExpr) (FalseExpr)) "KW2o_'") (ReturnStmt (FalseExpr)))
(StructCmd i4_47K h_p (FloatType) a_M0o6 (FloatType) u_x2P_ (StructType ju_) l (BoolType) S1_ (BoolType))
(FnCmd xgN (((VarLValue ZD_P_j) (VoidType))) (BoolType) (LetStmt (ArrayLValue b i) (DotExpr (TrueExpr) Z_20)) (ReturnStmt (VarExpr W_1M_5)) (ReturnStmt (StructLiteralExpr S75 (TrueExpr) (VoidExpr) (FalseExpr) (FalseExpr))) (ReturnStmt (TrueExpr)) (LetStmt (VarLValue X6__3I) (CallExpr I_ (VoidExpr) (FalseExpr) (VoidExpr) (VoidExpr))) (LetStmt (ArrayLValue L4_ A b) (CallExpr ts (FalseExpr) (FalseExpr) (VarExpr g))) (AssertStmt (VoidExpr) "gs,5[k_") (LetStmt (ArrayLValue Z b G) (StructLiteralExpr E74b (FalseExpr) (VarExpr F) (TrueExpr) (VoidExpr) (TrueExpr))) (AssertStmt (StructLiteralExpr FR_2R (TrueExpr) (FalseExpr) (FalseExpr) (TrueExpr)) "4:Yr_90\"))
(StructCmd A_ x (IntType) h_Xb (BoolType) m (FloatType) KMg_3 (ArrayType (IntType) 1) vQ (FloatType))
(FnCmd x9_nr (((VarLValue K) (IntType) (VarLValue L_g91) (VoidType) (VarLValue RD) (ArrayType (FloatType) 1))) (FloatType) (LetStmt (VarLValue Y__9Q) (VarExpr tp1)) (LetStmt (VarLValue P_P_) (StructLiteralExpr L (VarExpr E))) (LetStmt (VarLValue gD6P) (FloatExpr 42332803)) (LetStmt (ArrayLValue i075 I c N) (ArrayLiteralExpr (VarExpr T) (TrueExpr) (VarExpr O) (VoidExpr) (VoidExpr))) (ReturnStmt (ArrayIndexExpr (TrueExpr) (TrueExpr) (TrueExpr) (FalseExpr))) (ReturnStmt (ArrayIndexExpr (VoidExpr) (FalseExpr))))
(StructCmd M_u y77pN (IntType) P_9 (FloatType))
(StructCmd b v_ (StructType f058_) p_g_ (BoolType) Bo551 (IntType))
