(StructCmd a_s27_ A6_8_ (BoolType))
(StructCmd c1n dC_9__ (IntType) A6 (IntType) Jc67 (VoidType))
(FnCmd j_1 (((VarLValue Z_z) (VoidType) (VarLValue XR) (StructType g2_))) (ArrayType (StructType a_) 2) (LetStmt (VarLValue N4Q8) (CallExpr Q38 (TrueExpr))) (LetStmt (VarLValue L) (StructLiteralExpr (FalseExpr))) (ReturnStmt (FalseExpr)) (LetStmt (VarLValue p__) (DotExpr (TrueExpr) P)) (AssertStmt (ArrayIndexExpr (VarExpr t) (TrueExpr) (VoidExpr)) "_B*") (AssertStmt (StructLiteralExpr (VarExpr D) (TrueExpr)) "]1$j"))
(FnCmd E (((VarLValue pw) (FloatType))) (ArrayType (BoolType) 3) (LetStmt (ArrayLValue R y G) (VoidExpr)) (LetStmt (VarLValue a3) (DotExpr (FalseExpr) F_s_)) (ReturnStmt (ArrayLiteralExpr (FalseExpr) (VoidExpr))) (AssertStmt (VoidExpr) "z8m926") (ReturnStmt (FalseExpr)) (LetStmt (ArrayLValue U1_y1 c W u) (StructLiteralExpr (VarExpr Q) (VarExpr Q))) (LetStmt (VarLValue a1_) (ArrayIndexExpr (DotExpr (FalseExpr) S) (TrueExpr))) (ReturnStmt (ArrayLiteralExpr (FalseExpr) (VarExpr Z))))
(StructCmd fy cIT (FloatType) jtBg (BoolType))
